# v0.23.8 — Critical — a service that reports work it did not do · RESOLVED

## Critical — a service that reports work it did not do · RESOLVED

### V23-17 — `POST /databases/{id}/sync` fabricates progress and persists it · CONFIRMED → RESOLVED

`apps/edge/src/aitbc_edge/services/database_service.py:86-94`, exposed at
`apps/edge/src/aitbc_edge/routers/database.py:63`.

```python
# Simulate sync process (in production, this would actually sync data)
db.sync_status = "idle"
db.last_sync_at = datetime.now(UTC)
db.records_synced = db.records_synced + 100  # Simulated
await session.commit()
return {"success": True, "message": f"Database {database_id} synced", ...}
```

No data is synced. The method commits a fresh `last_sync_at`, advances `records_synced` by a
literal 100, and returns `success: True`. There is no flag in the response, no
`"simulated": true`, and no environment gate.

This is worse than a stub, because it writes the fiction to the database. Anything reading
`last_sync_at` to decide whether a replica is current — monitoring, a scheduler, an operator
— is told the sync happened. The counter climbs by 100 per call, so it also looks like
progress.

Repro:

```
sed -n '73,95p' apps/edge/src/aitbc_edge/services/database_service.py
git grep -n "sync_database" -- apps/edge/   # one caller: the POST route
```

Note the contrast with `apps/ai-engine/src/ai_service.py` and
`apps/gpu/src/gpu_service/main.py`, which handle exactly this situation correctly: the AI
engine refuses unless `AI_ENGINE_ALLOW_SIMULATION=true` and stamps `"simulated": True` on
every response; the GPU service returns 501 with an explanation. Those are the house
pattern, and they came out of the v0.22 APP-33 remediation. This endpoint predates or
missed it.

> **Fix**: return 501 like the GPU service does, and write nothing. If a simulation mode is
> wanted, gate it on an env var and mark the response, as ai-engine does. The one thing it
> must not do is commit `last_sync_at`.

**RESOLVED** — both house patterns, in the order the finding put them. `sync_database`
raises `SyncNotImplementedError` and the route answers **501** with the explanation;
`EDGE_ALLOW_SIMULATED_SYNC` (default off) returns a placeholder stamped `"simulated": True`
instead.

The flag re-enables a *response*, not the writes. **Nothing is committed in either mode** —
no `last_sync_at`, no `records_synced`, no `sync_status`. A wrong response can be corrected
by the next call; a fabricated `last_sync_at` in the database outlives the call that made
it, and is what monitoring reads. Six of the nine tests assert absence: that the counter has
not moved, that `commit()` was never reached, and that five repeated calls accumulate
nothing.

`{"success": False, "message": "... not found"}` is unchanged for a missing database — a
specific answer beats a blanket 501.

#### The label was being discarded one layer up

`cli/aitbc_cli/commands/edge.py:369` calls this endpoint, and it took `result["success"]` as
its cue to print *"Database X synced"*. That would have reported a simulated response as a
completed sync — the same claim the fix removes from the service, restated by the client
that reads it. It now prints the simulated message as a warning, and surfaces the 501 detail
instead of letting `raise_for_status` reduce the server's explanation to a status line.

This is the third finding in this audit where the defect had a consumer that repeated it
(compare V23-30, V23-31). It seems to be the characteristic failure mode of this codebase
rather than a coincidence: a value is produced wrongly, and whatever reads it agrees.

---
