# AITBC v0.10.10 Release Notes

**Date**: 2026-07-06
**Status**: ✅ Complete — Code Quality & Testing Roadmap
**Scope**: Expand mypy coverage, raise the coverage gate, add property-based testing, add performance regression tests, pin dependencies, add a local dev script, and add integration fixtures.

## 🎯 Overview

v0.10.10 is a **code-quality and testing release**. It shifts focus from feature/dead-code work (v0.5.16–v0.10.9) to the testing and type-safety foundations that v1.0.0 production readiness depends on.

**Key focus areas:**
1. **v0.10.9 completion** — Verify and close out the prior dead-code cleanup release
2. **mypy coverage expansion** — Remove `aitbc/` exclusions from `pyproject.toml`, fix surfaced type errors, drive toward zero errors across the shared core
3. **Coverage gate** — Raise the `pytest-cov` minimum coverage threshold so regressions fail CI
4. **Property-based testing** — Add `hypothesis`-based tests for edge-case-heavy modules (crypto, decimal math, settlement)
5. **Performance regression tests** — Add a small, deterministic perf-regression suite with baseline thresholds
6. **Dependency pinning** — Pin all production/dev deps to exact installed versions (supply-chain hardening)
7. **Local dev script** — One-command setup + checks (`scripts/dev/setup.sh`)
8. **Integration fixtures** — Reusable, deterministic fixtures for the integration suite

**Prerequisites**: [v0.10.9](../v0.10.9/change.log) (✅ complete — dead code elimination & status drift cleanup).

**Risk**: Medium. mypy expansion can surface a large error count; mitigated by incremental exclusion removal and per-file `# mypy: ignore-errors` as a temporary scaffold. Coverage gate raises may require backfilling tests. Performance baselines must be calibrated to the CI runner to avoid flakiness.

---

## 📊 Summary

| Category | Items | Status | Notes |
|----------|-------|--------|-------|
| v0.10.9 completion | 1 | ✅ Complete | Verified clean |
| mypy coverage expansion | 1 | ✅ Complete | Phases 1–4: 0 errors / 851 files (aitbc/ + all apps/ src) |
| Coverage gate increase | 1 | ✅ Complete | `fail_under=46` in pyproject.toml + CI step |
| Property-based testing | 1 | ✅ Complete | 14 hypothesis tests for crypto signing/verification |
| Performance regression tests | 1 | ✅ Complete | 9 benchmarks in blockchain-node + performance.yml CI |
| Dependency pinning | 1 | ✅ Complete | All 73 production + 18 dev deps pinned to exact versions |
| Local dev script | 1 | ✅ Complete | `scripts/dev/setup.sh` with `--check` and `--services` |
| Integration fixtures | 1 | ✅ Complete | 3 new fixtures + SAWarning suppression (10K→3 warnings) |

---

## 🧪 Testing

- All existing tests must pass (`./venv/bin/python -m pytest tests/unit -q -o addopts=""`)
- Integration tests pass (`./venv/bin/python -m pytest tests/integration -q -o addopts=""`)
- Type check passes (`./venv/bin/python -m mypy --show-error-codes aitbc/`)
- Lint passes (`./venv/bin/python -m ruff check .`)
- New: coverage gate enforced via `--cov-fail-under`
- New: property-based tests run as part of the unit suite
- New: performance regression suite gated behind a `perf` marker

---

## 📝 Task Status

See [AGENTS.md](AGENTS.md) for the full task assignment and detailed instructions.

### Agent A — Type Safety & Shared Core (SWE 1.6)
- [x] A1: Verify v0.10.9 completion (clean tree, tests green)
- [x] A2: Expand mypy coverage — remove `aitbc/` exclusions, fix surfaced errors
- [x] A3: Add property-based tests for crypto signing/verification

### Agent B — Infrastructure & Testing (GLM 5.2)
- [x] B1: Pin all dependencies to exact installed versions
- [x] B2: Add `scripts/dev/setup.sh` one-command setup + checks
- [x] B3: Raise coverage gate (`--cov-fail-under=46`)
- [x] B4: Add performance regression test suite (9 benchmarks, performance.yml CI)
- [x] B5: Add reusable integration fixtures (3 fixtures + SAWarning suppression)

---

## 📋 Detailed Findings

### v0.10.9 Completion
v0.10.9 is complete (dead code elimination, status drift, port cleanup, auth shim migration). v0.10.10 verifies the tree is clean and tests are green before starting quality work.

### mypy Coverage Expansion
**Phase 1 (complete)**: Fixed all 26 existing errors in the initial scope (`aitbc/` + `apps/coordinator-api/src`):
- Fixed `Decimal` `ge`/`le` constraint types in `apps/coordinator-api/src/app/contexts/rewards/domain/rewards.py`
- Made `TTLCache` generic with `__iter__` and overloads for `get()` in `apps/coordinator-api/src/app/contexts/cross_chain/services/cross_chain/reputation.py`
- Added `# type: ignore[arg-type]` for SQLAlchemy plugin issues in wallet services
- Added `TypedDict` for settlement config in `apps/coordinator-api/src/app/contexts/trading/services/trading_marketplace/trading.py`
- Fixed `float * Decimal` multiplication in `apps/coordinator-api/src/app/contexts/trading/services/trading_marketplace/dynamic_pricing.py`
- Moved `# type: ignore` in `apps/coordinator-api/src/app/contexts/rewards/services/reward_service.py`

**Phase 2 (complete)**: Removed stale `aitbc/` exclusions (3 deleted dirs: `agent_compliance`, `agent_protocols`, `agent_trading`). Expanded to 161 files, 0 errors.

**Phase 3 (complete)**: Removed all coordinator-api context/service exclusions. Fixed 480 errors across 56 files (SQLAlchemy plugin `# type: ignore[arg-type]`/`[attr-defined]`, Decimal/float mismatches, Optional types, numpy casts, missing enum values). Added `apps/coordinator-api/src` to mypy_path with `explicit_package_bases = true`. Result: 593 files, 0 errors.

**Phase 4 (complete)**: Expanded to all `apps/` src dirs. Fixed 182 errors across 40 files in blockchain-node (118 errors), gpu+pool-hub (40 errors), and remaining apps (24 errors). Common fixes: `# type: ignore[no-any-return]` for rate-limit-decorated endpoints, `# type: ignore[attr-defined]` for SQLAlchemy `.in_()`/`.desc()`, `cast()` for ORM model returns, `text()` wrapper for raw SQL strings. Excluded `dev/`, `docs/`, `apps/*/scripts/`, and flat-layout apps (blockchain-explorer, miner) not on mypy_path. **Bug fix**: `p2p_network.py` imported non-existent `BlockHeader` (silently swallowed by broad `except`), changed to `Block`.

**Final result**: 0 errors across 859 source files. `cli/` and `packages/` (except aitbc-shared) remain excluded — Phase 5 follow-up.

### Coverage Gate (complete)
Added `fail_under = 46` to `[tool.coverage.report]` in `pyproject.toml` + CI step in `.github/workflows/ci.yml`. Current coverage: 46.5% on `aitbc/` (4,283/9,209 lines). Prevents coverage regression on the shared library. Incrementally raiseable to 80% long-term target.

### Property-Based Testing (complete)
Created `tests/unit/test_property_crypto.py` with 14 hypothesis-based property tests for crypto transaction signing/verification:
- Canonical message determinism (same input → same bytes)
- Signature exclusion (signature field not part of signed message)
- Signature format validation (65 bytes, recovery id 0/1)
- Sign→verify round-trip (always True for valid transactions)
- Tamper detection (amount, fee, chain_id, recipient, nonce mutations → verify → False)
- Invalid signature rejection (empty, wrong length, wrong sender)
Upgraded hypothesis 6.155.2 → 6.156.1 (fixes `ConjectureRunner.debug()` TypeError bug).

### Performance Regression Tests (complete)
Fixed broken `apps/blockchain-node/tests/test_performance.py` by inlining deleted `aitbc/benchmark.py` utilities (`QueryTimer`, `CacheMetrics`). Added `.github/workflows/performance.yml` CI workflow that runs performance benchmarks on push/PR when blockchain-node code changes. 9 performance tests covering:
- DB query latency (p95 <5ms threshold)
- Mempool query latency (p95 <5ms threshold)
- Cache hit rate (>80% threshold)
- Compression ratio (>50% threshold)
- Batch vs individual write throughput
- N+1 query elimination

### Dependency Pinning (complete)
- Pinned all 50+ production dependencies to exact versions (e.g. `fastapi = "0.136.3"`, `cryptography = "48.0.0"`)
- Updated dev deps to match installed versions (`mypy = "2.1.0"`, `ruff = "0.15.17"`, `pytest-cov = "7.1.0"`)
- Replaced unbounded `>=` ranges with exact pins to prevent supply-chain drift

### Local Dev Script (complete)
`scripts/dev/setup.sh` — one-command setup that:
- Creates venv if needed
- Installs deps (via `uv sync` if available, else `pip install -e .[dev]`)
- Installs pre-commit hooks
- Runs checks (ruff, mypy, tests)
- Optional: starts dev services via existing `start-aitbc-dev.sh`
- Made executable, tested with `--check` — all checks passed

### Integration Fixtures (complete)
Added `unique_agent_data`, `unique_task_data`, `registered_agent` fixtures to `tests/integration/conftest.py` — generate unique IDs to avoid collisions in parallel tests. Suppressed 10,000+ `sqlalchemy.exc.SAWarning` duplicate-class warnings via pytest `filterwarnings` config in `pyproject.toml`. Integration test output: 180 passed, 20 skipped, 3 warnings (was 10,018 warnings).

---

## Test Status

- Unit tests: 861 passing
- Integration tests: 180 passing, 20 skipped, 3 warnings
- Performance tests: 9 passing
- mypy: 0 errors across 851 source files
- ruff: all checks passed
- Coverage: 46.5% on `aitbc/` (4,283/9,209 lines)

---

## Commits

- `669ddca44` - chore: pin all dependencies to exact installed versions
- `618be3dd6` - feat: add local dev setup script
- `6b9803271` - feat: add performance regression testing
- `5c90252ea` - feat: add property-based testing for crypto transaction signing
- `769c1ce4a` - ci: add coverage gate for aitbc/ shared core (46% baseline)
- `ab55cd3f7` - feat: improve integration test fixtures + suppress SAWarning noise
