# v0.23.0 — Design & Correctness Audit (overview)

**Scope**: all subdirectories, focused on defects and design gaps rather than style.
**Baseline**: `main` at `d6b6b9dda` (v0.22 remediation merged, PR #91).
**Date**: 2026-08-09.

---


---

This release is split into the following v0.23.x sub-releases by topic:

- [v0.23.1](v0.23.1/change.log) — How to read this
- [v0.23.2](v0.23.2/change.log) — Critical — signature verification rejects standard signatures
- [v0.23.3](v0.23.3/change.log) — High — things that are named for what they do not do
- [v0.23.4](v0.23.4/change.log) — High — structural hazards
- [v0.23.5](v0.23.5/change.log) — Medium — concurrency
- [v0.23.6](v0.23.6/change.log) — Medium — configuration and honesty
- [v0.23.7](v0.23.7/change.log) — Low — process
- [v0.23.8](v0.23.8/change.log) — Critical — a service that reports work it did not do · RESOLVED
- [v0.23.9](v0.23.9/change.log) — Critical — governance timelock fails open · RESOLVED
- [v0.23.10](v0.23.10/change.log) — High — supply chain
- [v0.23.11](v0.23.11/change.log) — High — a deploy script that defaults to destroying the local checkout
- [v0.23.12](v0.23.12/change.log) — Medium — shell safety is inconsistent across 266 scripts
- [v0.23.13](v0.23.13/change.log) — Critical — proving keys with no phase-2 contribution are the ones loaded · RESOLVED
- [v0.23.14](v0.23.14/change.log) — High — the contract toolchain's declared dependency tree
- [v0.23.15](v0.23.15/change.log) — Two things that are right
- [v0.23.16](v0.23.16/change.log) — Critical — the HTLC timelock calculation cannot be correct · RESOLVED
- [v0.23.17](v0.23.17/change.log) — Medium — what the feature flags say about the system
- [v0.23.18](v0.23.18/change.log) — What the fourth pass changes about the shape of this audit
- [v0.23.19](v0.23.19/change.log) — What this audit did not cover
- [v0.23.20](v0.23.20/change.log) — Method
- [v0.23.21](v0.23.21/change.log) — Medium — the guard for the money invariant checked thirteen files by hand · RESOLVED
- [v0.23.22](v0.23.22/change.log) — High — the largest float-money backlog, and the type checker that was not checking
- [v0.23.23](v0.23.23/change.log) — High — money in consensus code, and the line where Decimal must stop
- [v0.23.24](v0.23.24/change.log) — Medium — the client side of the same protocol
- [v0.23.25](v0.23.25/change.log) — Medium — one CLI, two units for the same quantity
- [v0.23.26](v0.23.26/change.log) — High — a client that had never been checked against its server
- [v0.23.27](v0.23.27/change.log) — Medium — the second CLI, and what was actually in it
- [v0.23.28](v0.23.28/change.log) — Medium — the compliance module nothing tested and nothing calls
- [v0.23.29](v0.23.29/change.log) — Medium — the open decision V23-36 left behind
- [v0.23.30](v0.23.30/change.log) — High — the type-checker backlog was hiding runtime crashes
- [v0.23.31](v0.23.31/change.log) — Medium — two services with no way to change their schema
- [v0.23.32](v0.23.32/change.log) — Medium — a penalty the chain levied and never wrote down
- [v0.23.33](v0.23.33/change.log) — High — the migration that reported success against the wrong database
- [v0.23.34](v0.23.34/change.log) — High — the deployment scripts, and five services in a restart loop
