# v0.23.24 — Medium — the client side of the same protocol

## Medium — the client side of the same protocol

### V23-38 — the CLI's 11 violations, and a blind spot they exposed · CONFIRMED → RESOLVED

**`cli` 11 → 0. The repo baseline is now 13**, spread across `packages/py` (4), `gpu` (3),
`aitbc` (2), `agent-coordinator` (2), `edge` (1) and `pool-hub` (1).

The CLI is the *producer* of the payloads V23-36 declined to change, so the same line falls
in the same place — three sites keep `float` with a `# not-money:` marker: the
`GPU_MARKETPLACE` payload in `commands/market/offers.py`, and the transaction bodies POSTed
by `commands/marketplace_cmd.py` and `commands/exchange_island.py`. Converting the client
half while the node half stays fixed would produce payloads the node rejects, which is
worse than either state.

The rest were genuine, and one of them was hidden by the guard itself.

**`amount = float(tx_data["amount"])`** in `utils/crypto_utils.py` is inside
`validate_transaction` — the function that decides whether an amount is acceptable. Rounding
a value *in order to check it* is backwards: the check no longer applies to what the caller
sent. Now `Decimal`.

**`WalletBalance.balance: float`** — a wallet balance dataclass. Converting it pulled four
more declarations with it, because `dual_mode_wallet_adapter` returned `float | None` on
both its daemon and file-backed paths, and the file path did `float(balance)` on a value
read from JSON on disk.

**`_escrow_create` sent `float(amount)`** to `/rpc/escrow/create`, and the node parses it
straight back with `Decimal(str(amount))` (`escrow_routes.create_escrow`). The receiver was
faithfully preserving a value the sender had already rounded. Now sent as a string.

That last one is the blind spot. The guard walked past it because the expression is

```python
"amount": float(amount) if amount else 0
```

an `ast.IfExp`, not an `ast.Call` — so the `{"money_key": float(...)}` rule never fired.
`_is_float_call` now recurses into both branches of a conditional expression. **That change
alone found four more**, all in coordinator-api, which V23-34 had reported as zero:

- `dynamic_pricing.py` wrote `min_price=float(...)` and `max_price=float(...)` into
  `ProviderPricingStrategy`, whose columns are `Numeric(20, 8)` — the same defect V23-36
  found two lines away in the same file, in a form the guard could not see.
- `settlement/storage.py` rendered `AVG(payment_amount)` and `SUM(payment_amount)` as floats
  in a statistics payload.

Both are fixed here, so coordinator-api is at zero again — but the lesson is the one this
whole sequence keeps repeating in a new costume: **"zero violations" means zero of what the
checker can currently see.** Each widening of the guard so far — annotations (V23-33),
`per`/`target`/camelCase (V23-34), conditional expressions (V23-38) — has found real defects
in code that had already been declared clean.

One thing recorded, not fixed: **`cli/utils/` is a stale parallel copy of `cli/aitbc_cli/utils/`.**
`crypto_utils.py` and `wallet_daemon_client.py` exist in both and have diverged (158 and 300
differing lines); `setup.py` packages only `aitbc_cli`, and every import in the tree is
`aitbc_cli.utils.*`. But `cli/__init__.py` exists and CI puts the repo root on `PYTHONPATH`,
so `cli.utils.crypto_utils` — a stale copy of wallet and signing code — is importable. Three
files there (`kyc_aml_providers.py`, `secure_audit.py`, `security.py`) have no counterpart,
so the tree cannot simply be deleted. Both duplicated files got the same fix as their live
counterparts; deciding the tree's fate is separate work.

---

### V23-39 — the last 13, and the two words the guard did not know · CONFIRMED → RESOLVED

**The baseline is 0.** 210 → 60 → 48 → 24 → 13 → 0 across five passes. `no_float_money.py`
is now an ordinary gate: anything it reports is a regression, not inherited debt.

Of the 13 that remained, **five were the guard being wrong** and keep `float` with a
`# not-money:` marker giving the reason:

| Site | Why it is not money |
|---|---|
| `aitbc/tee/benchmark.py` `cost_units` | a synthetic benchmark metric beside `latency_ms` and `memory_bytes` |
| `agent-coordinator` `realtime_learning.reward` | a reinforcement-learning return |
| `agent-coordinator` `config.task_payment_timeout_seconds` | a duration; only the escrow it guards is money |
| `pool-hub` `ScoreWeights.price = 0.20` | a ranking weight — the five weights sum to 1.00 |
| `aitbc-crypto` `Receipt.price` | wire format: `canonical_json()` + `sha256()` is `receipt_hash()` |

That last one is V23-36's boundary again, in the package the ZK circuits verify against.
A string would change the hash of every receipt already issued.

**The other eight were genuine**, and converting them ran past the 13:

- `aitbc/trading/types.py` — four dataclasses (`InterChainTradeData`, `TradeMatchResult`,
  `TradeHistoryEntry`, `CreateTradeRequest`) declared `price: float` beside `amount: int`.
  The baseline recorded one entry for all four, because entries are deduplicated by name.
- `apps/gpu` — `GPURegistry.price_per_hour`, `ConsumerGPUProfile.market_price_usd`,
  `GPUBooking.total_cost`. The coordinator's *own copy* of `ConsumerGPUProfile` has been
  `Numeric(20, 8)` since V23-34; the gpu app's twin was still `Float`.
- `apps/edge` — `GPUListing.price_per_hour`.
- `aitbc-agent-sdk` — `JobRequest.max_price_per_hour`, `JobResult.cost`,
  `ResourceOffer.price_per_hour`, all sent as decimal strings at the `json=` boundary.

**Neither `apps/gpu` nor `apps/edge` has Alembic.** Both build their schema with
`SQLModel.metadata.create_all`, which is a no-op on a table that already exists, so the
declaration changes and the deployed SQLite columns stay `FLOAT` until someone adds
migration infrastructure to those two apps. Verified what that actually means rather than
assuming: existing float-stored rows read back as exact `Decimal`, no warning, no error —
but a *new* write still lands as SQLite `REAL`, so storage stays lossy there. The gain is
Python-side arithmetic and correctness on PostgreSQL, which is what `apps/edge/config.py`
documents as the production adapter. Recorded, not silently skipped.

#### The blind spot this time: annotated attributes

```python
price: float = 0.0        # ast.Name    -- checked since V23-33
self.earnings: float = 0.0  # ast.Attribute -- never checked
```

The annotation rule required `isinstance(node.target, ast.Name)`. Both lines declare the
same thing, and for four PRs the guard read only the first. Widening it found
`ComputeProvider.earnings` and `ComputeConsumer.total_spent` — and `total_spent` accumulates
`JobResult.cost`, so converting the field without it would have written Decimals into a
float accumulator.

Two vocabulary gaps went with it. `budget` and `spent` were not money words, which hid:

- `RegionalHub.budget_allocation` and `RegionalHub.spent_budget` — **in coordinator-api,
  which V23-38 had just reported at zero**, one row from `BountyTask.reward_amount` which
  is already `Numeric(20, 8)`.
- `RegionalCouncil.budget_allocation` — in the same file as `total_balance` and
  `allocated_funds`, both already `Decimal`.

All three convert in `f2b6c04a91d8`; both tables exist in the deployed coordinator database
and both are empty, so the conversion moves no data. Verified up and down against a copy.

`ComputeProvider._dynamic_pricing_loop` was V23-36's staking bug in a second costume:
`new_price = base_rate * multiplier` computed the whole price in float before assigning it
to the offer. The multiplier is genuinely dimensionless, so it converts at the
multiplication rather than the result being wrapped afterwards.

The four `float(...)` budget bounds in `trading_marketplace/trading.py` stay float: one
scores a 0–100 budget fit weighted at 0.25 into a match score, the other is an uncalled
negotiation heuristic, and both use `float("inf")` as the unbounded sentinel.

Marking them exposed a fourth property of the suppression marker, after the three in V23-36:
**a comment block suppresses the statement directly beneath it and nothing further.** Three
conversions under one paragraph need a short marker on each of the other two. That is the
right trade — the alternative silently exempts whatever gets appended to the stanza later —
but it is now written in the docstring instead of being rediscovered.

#### Two consumers the string boundary would have broken

Converting a field to `Decimal` and rendering it as a string is only half a change; the
readers have to be checked too, and two were not fine:

- `cli/aitbc_cli/commands/gpu_marketplace.py` formatted the gpu service's response with
  `f"{gpu.get('price_per_hour', 0):.4f}"`. Against a decimal string that raises
  `ValueError: Unknown format code 'f' for object of type 'str'` — a broken command, not a
  wrong number. It parses before formatting now.
- `ComputeProvider._execute_job` computed `earnings = estimated_hours * agreed_price` from
  an untyped wire dict and did `self.earnings += earnings`. With `self.earnings` a
  `Decimal`, that is a `TypeError` at runtime. Both operands convert at the boundary now,
  rather than the product being wrapped after the fact — which is V23-36's staking bug for
  the third time.

The agent SDK's HTTP calls have no live receiver to check against: it posts to `/v1/jobs`
and `/v1/marketplace/offers`, and **neither route exists on coordinator-api**. Pre-existing,
recorded here because it is the reason the string change could not be verified end to end.

#### Measured, not fixed: 126 parameter annotations

`def pay(amount: float)` is still invisible to the guard — it reads annotated assignments,
not parameters. Measured at the point the baseline hit zero: **126 sites**. Genuine ones
include `stake(amount: float)`, `mint_tokens`, `to_atomic_units` and the CLI's
`send(amount, fee)`; false positives are the kinds already understood (RL `reward`,
`_calculate_rsi(prices)`, `metrics.increment(amount)`).

Enabling that rule here would have put 126 entries straight back into a baseline that had
just emptied, which is the state this guard was rewritten to end. It is a sixth pass, sized
and written down in the guard's docstring, not a switch to flip mid-PR.

**Five widenings, five times the same result.** Annotations (V23-33), `per`/`target`/
camelCase (V23-34), `ast.IfExp` (V23-38), annotated attributes and `budget`/`spent` (here):
every one found real defects in code the previous pass had declared clean. The baseline is
zero against the rules that exist today. That is the only claim it supports — and the 126
above are the measured size of the next one.

---

### V23-40 — 131 float money parameters, and the compute-second the CLI kept losing · CONFIRMED → RESOLVED

V23-39 measured the last blind spot at 126 sites and left it. This closes it. The rule as
implemented reports **131** sites (the earlier figure checked suppression per *function*,
which over-counted five as already marked); `_is_narrowed_float` then took that to **119**,
and the rest were converted or marked here. The baseline is still 0.

#### The defect the rule was hiding

```python
def ait_to_seconds(ait: float) -> int:
    return int(ait * SECONDS_PER_AIT)   # SECONDS_PER_AIT = 3600
```

This is the function that turns a user's `--amount` into the integer number of
compute-seconds the chain settles. Computing the product in float truncates on the low side
whenever it lands just under an integer:

```
aitbc wallet send ... 0.5025    ->  1808 seconds   (0.5025 * 3600 == 1808.9999999999998)
                                ->  1809 seconds   exact
```

**1402 of the million four-decimal inputs between 0.0001 and 100.0000 lose a compute-second
that way** — always in the same direction, always the sender's. `seconds_to_ait` returns
`Decimal` now, `ait_to_seconds` converts before multiplying, and
`tests/unit/test_ait_unit_conversion.py` pins both the fix and the old behaviour so the
regression is recognisable if it returns.

#### `type=float` made the CLI annotations unenforceable

42 of the 131 were CLI handlers, and annotating them `Decimal` alone would have been a lie:

```python
@click.option("--amount", type=float)   # click converts before the function is called
def send(amount: Decimal, ...)          # ...so this holds a float regardless
```

So `cli/aitbc_cli/utils/money.py` adds a `DecimalParamType` (`type=DECIMAL`) that parses the
user's own digits, rejects non-finite input, and leaves bad input failing as a Click usage
error rather than a traceback. Every money option and argument in the CLI now uses it.

That composes with the agent SDK, which shells out to this CLI: `Decimal` → `str(...)` →
argv → `DECIMAL.convert` → `Decimal`, with no float anywhere in the path.

**Honest scope note on the JSON boundary.** Money leaving the CLI is sent as a decimal
string, and for these endpoints that is *not* mainly about the wire. Checked rather than
assumed: Pydantic v2 parses the JSON literal `0.1` straight into `Decimal("0.1")`, so a
plain float body was already exact for ordinary prices. The string only matters past ~17
significant digits. What the conversion actually buys is everything **before** serialisation
— `ait_to_seconds`, `btc_amount = aitbc_amount / rate`, `quote_liquidity + amount`,
`balance - amount` — where float error accumulates.

#### Local wallet files now store money as decimal strings

`json.dump` cannot serialise a `Decimal`, and writing `float(amount)` back would restore
exactly the rounding the `Decimal` was for. So `~/.aitbc/wallets/*.json`,
`*_multisig.json` and `exchanges.json` hold decimal strings, and every reader goes through
`utils.money.wallet_amount()`, which accepts both those and the JSON numbers older builds
wrote. Six assertions in `tests/cli/test_wallet.py` were updated to compare values rather
than spellings.

#### Two latent crashes, found only because the types moved

- `RewardCalculator.calculate_milestone_bonus` did `total_bonus = 0.0` then
  `total_bonus += milestone.reward_amount`, and `RewardMilestone.reward_amount` is
  `Decimal`. **That raises `TypeError` the moment an agent actually has a completed
  milestone.** All five reward calculators return `Decimal` now — every one of them feeds a
  `Decimal` column on `RewardCalculation`, so returning float had been narrowing them on the
  way in.
- `ComputeProvider._execute_job` (fixed in V23-39) was the same shape. Third occurrence.

The mypy ratchet caught both, which is the payoff from V23-35 — the hook that used to report
success while checking zero files.

#### What kept `float`, with a marker and a reason

Reinforcement-learning returns in `adaptive_learning.py` (five sites); `_calculate_rsi` and
`_calculate_price_trend`, which are numpy statistics over a price *series* returning an index
and a slope — numpy has no `Decimal` dtype; `MetricsRegistry.increment`; and
`TEEBenchmarkResult.run(cost_units)`.

Marking the RL ones exposed the fifth property of the suppression marker: **a comment above
`def` does not cover parameters on continuation lines**, because the walk starts at the
parameter's own line. Wrapped signatures need the marker on the parameter.

#### A refinement, not just a widening

`_is_narrowed_float` exempts any annotation that also admits `Decimal`. `amount: float`
narrows — the caller cannot pass an exact value at all. `amount: Decimal | float | str` is a
coercion boundary, and this repo has a dozen on purpose (`money.to_atomic_units`,
`grant_service.create_grant`, `capacity_publisher.publish_capacity`), each normalising on the
first line. Reporting those would be telling the code to stop accepting the type it exists to
accept. Whether such a boundary then *keeps* the value exact is a separate question the body
rules already answer.

`blockchain-node`'s economics constructors were rewritten to that shape rather than to bare
`Decimal`: `GasManager`, `StakingManager`, `stake()` and `add_reward_event()` already did
`Decimal(str(x))` internally, so widening the door beats breaking every caller.

#### One more vocabulary gap

`funding` was not a money word, which hid `InnovationLab.funding_goal` and
`current_funding` — and `fund_lab` does `current_funding += amount` then compares
`current_funding >= funding_goal` to decide whether a lab is fully funded. A threshold
comparison on a binary float is how a lab gets funded at 999.9999999999999 out of 1000. Both
convert in `a3e7c15b8d94`; the table is empty in the deployed database. Verified both
directions against a copy.

#### Recorded, not fixed

- **`wallet stats` and `wallet info` format the balance as compute-seconds**, while `earn`,
  `spend` and `liquidity-stake` store it in AIT — a 3600x display error. Pre-existing, a unit
  bug rather than a rounding one, and orthogonal to this pass.
- **`transactions send` truncates with `int(amount)`** while `wallet send` goes through
  `ait_to_seconds`. Two unit conventions for the same operation in one CLI.
- **`mint_tokens` posts to `/admin/mintFaucet`, which is not implemented in this repo** (only
  a test fixture and a docs entry, at a different path). The string boundary there could not
  be verified against a receiver.
- `exchange/payments.py` and `exchange/trading.py` define command functions that are **never
  wired to Click**. Converted for consistency; unreachable either way.

**Six widenings, six times the same result.** The baseline is zero against the rules that
exist today, and that remains the only claim it supports.

---
