# v0.23.2 — Critical — signature verification rejects standard signatures

## Critical — signature verification rejects standard signatures

The single most consequential cluster. AITBC has **nine independent implementations of
ECDSA signature recovery**. Eight of them construct `eth_keys.Signature(sig_bytes)`
directly. That constructor requires a recovery id of 0 or 1; every standard Ethereum
signer — including this repo's own `aitbc.crypto.sign_transaction_hash` — emits 27 or 28.
`eth_keys` raises `BadSignature`, and in each case a broad `except Exception` converts that
into "signature invalid".

The result is not a bypass. It is the opposite: **correctly signed messages are rejected**,
and the rejection is indistinguishable from a forgery attempt in the logs. Only
`PoAProposer.verify_block_signature` normalises, because it was fixed under v0.22 TEST-03;
that fix was applied to one call site and the other eight were not audited at the time.
This document exists partly because that was the wrong scope.

### V23-01 — `rpc/utils.py` rejects transactions signed by any standard wallet · CONFIRMED → RESOLVED

`apps/blockchain-node/src/aitbc_chain/rpc/utils.py:45` (`verify_transaction_signature`) and
`:75` (`verify_request_signature`). These sit on the node's RPC request path; the second is
documented as covering "bridge, staking, etc."

```
cd apps/blockchain-node && PYTHONPATH=src:../.. ../../venv/bin/python -c "
import json
from eth_account import Account
from eth_utils import keccak
from aitbc_chain.rpc.utils import verify_request_signature
a = Account.from_key('0x'+'42'*32)
m = {'action':'bridge','amount':'100'}
d = keccak(json.dumps(m, sort_keys=True, separators=(',',':')).encode())
s = a.unsafe_sign_hash(d).signature
print('v =', s[64], '->', verify_request_signature(a.address, '0x'+s.hex(), m))"
```

Prints `v = 28 -> False`, with `Request signature verification failed: Value 28 is not less
than or equal to 1` on the log.

> **Fix**: normalise before constructing the signature — `v = sig_bytes[64]; v -= 27 if v >=
> 27 else 0`, reject anything not then in `(0, 1)`. That is the shape already committed in
> `poa.py`. But see V23-05: fixing this per-file is how you get nine copies.

### V23-02 — the module documented as canonical has the same defect · CONFIRMED → RESOLVED

`aitbc/crypto/crypto.py:150` (`recover_signer`). Its docstring reads: *"This is the single
canonical implementation that all AITBC services should use for request/proof signature
verification. It replaces the duplicated `verify_transaction_signature` /
`verify_request_signature` / `_verify_proposer_signature` copies in the blockchain node."*

Both halves of that claim are false today. It has the v=27/28 defect itself, and the three
copies it says it replaced are all still present and still called (V23-01, V23-03).

```
./venv/bin/python -c "
import hashlib
from aitbc.crypto.crypto import sign_transaction_hash, derive_ethereum_address
from aitbc.crypto.consensus_signing import verify_block_signature
pk='4c0883a69102937d6231471b5dbb6204fe512961708279fc6a0d1f2d3a0b1c2d'
h='0x'+hashlib.sha256(b'blk').hexdigest()
print(verify_block_signature(h, sign_transaction_hash(h,pk), derive_ethereum_address(pk)))"
```

Prints `False`.

> **Fix**: make the claim true before relying on it. One implementation, in
> `aitbc/crypto/`, with the normalisation and a test that signs with `eth_account` and
> verifies with the recovery path — the round trip is the only assertion that matters.

### V23-03 — the remaining six copies · OBSERVED → RESOLVED

Same construction, no normalisation:

| File | Line | Used by |
|---|---|---|
| `aitbc/crypto/consensus_signing.py` | 188 | `multi_validator_poa`, `pbft`, `sync_validator`, settlement hooks |
| `aitbc/crypto/crypto.py` | 150 | `recover_signer` (V23-02) |
| `apps/blockchain-node/.../contracts/dispute_resolution.py` | 254 | dispute evidence |
| `apps/blockchain-node/.../cross_chain/bridge_validator.py` | 169 | bridge validation |
| `apps/blockchain-node/.../rpc/utils.py` | 45, 75 | RPC (V23-01) |

Repro for the inventory:

```
git grep -n "recover_public_key_from_msg_hash" -- aitbc/ apps/ | grep -v test
git grep -c "recovery_id\|- 27\|>= 27" -- <each file above>   # only poa.py matches
```

`aitbc/crypto/consensus_signing.py` is the one to worry about first: it is reached from
multi-validator PoA, PBFT and the sync validator.

### V23-04 — the failure is unobservable · OBSERVED → RESOLVED

Every site swallows `BadSignature` into `return False` (`aitbc/crypto/consensus_signing.py:191`,
`crypto.py:152`, and the rest). A node rejecting every honestly-signed block and a node
under attack produce the same log line and the same metric.

> **Fix**: distinguish "signature did not verify" from "signature could not be parsed". The
> second is an encoding mismatch or a bug and deserves a different log level and counter.
> Catch `BadSignature`/`ValidationError` explicitly rather than `Exception`.

### V23-05 — nine copies is the actual defect · OBSERVED → RESOLVED

V23-01 through V23-04 are one mistake made nine times. Fixing them individually leaves the
next contributor free to write a tenth.

> **Fix**: one verification module, everything else calls it, and a test that fails if a new
> `keys.Signature(` appears outside it — a grep assertion in the test suite is enough and
> costs nothing. The same applies to the signing side, which already has one good
> implementation.

**RESOLVED (V23-01 … V23-05).** Most of this landed across `6ce2c7405` and PR #113 and was
never marked here — the same bookkeeping failure the header note warns about, on the
cluster the audit opens with. Re-verified by running the finding's own repros against
`main`:

| Repro | Audit | Now |
|---|---|---|
| `verify_request_signature` with `v = 28` | `False` | **`True`** |
| `verify_block_signature` round trip | `False` | **`True`** |

**V23-03/V23-05 — one construction site.** `git grep "keys.Signature("` returns
`aitbc/crypto/crypto.py:143` and nothing else; `_recover_address` normalises 27/28 → 0/1 and
raises `BadSignature` for anything outside `(0, 1)`. Every path the finding listed —
`consensus_signing.py`, `dispute_resolution.py`, `bridge_validator.py`, `rpc/utils.py` —
delegates to it. `tests/unit/test_signature_centralization.py` is the grep assertion, and it
passes with a two-entry allowlist.

**V23-04 was only half done, and that half is finished here.** The log lines had been
separated — "could not be parsed" at `warning`, "unexpected error" at `error`. The finding
asks for "a different log level **and counter**", and its complaint names both: *"the same
log line and the same metric"*. There was no metric.

`aitbc/crypto/signature_metrics.py` adds
`signature_verification_failures_total{context,outcome}` with `outcome` in
`mismatch` / `unparseable` / `error`, plus `signature_verifications_total{context}` — because
"unparseable is 3% of attempts" is actionable and "there were 40 unparseable signatures" is
not. Wired into the block, transaction and request paths. They land in the default registry,
so any service already exposing `/metrics` publishes them.

The distinction is the whole point, and V23-01 is the worked example: it rejected
transactions from **every standard wallet**, and that is a pure `unparseable` spike with no
`mismatch` movement — a deployment fault, not an attack. Nothing would have shown it.
`tests/unit/test_v2304_signature_metrics.py` asserts the two move independently, including
that scenario.

> One thing the tests caught in themselves: an early version drove the "unparseable" case
> with byte patterns `0x00…` and `0x01…`, which are *valid* recovery ids — so two of ten
> counted as mismatches and the assertion failed. The fixture claimed to be ten encoding
> failures and was eight. Worth recording because it is the same error class as the finding:
> a check whose inputs do not mean what the check says they mean.

---
