# v0.13.0 — Mature Autonomous Economic Infrastructure

**Last Updated**: 2026-07-24
**Status**: Planned 🚧
**Prerequisite**: v0.10.18 complete; v0.11.0 in-flight, v0.12.0 planned

## Release Theme

Mature the OpenClaw Autonomous Economics layer into a production-grade,
self-regulating system. This release delivers automated staking and
rebalancing for provider agents, full performance-bond lifecycle management,
cross-chain yield strategies, and the risk/solvency engine needed for agent
infrastructure to scale without human intervention.

## Motivation

The multi-chain wallet and atomic-swap foundation is in place, and v0.12.0
introduces the basic economic primitives. The next maturity step is to let
Compute Provider agents autonomously manage their own performance bonds,
reinvest earned AITBC tokens, and rebalance across chains and yield venues so
they can continuously upgrade GPU capacity and absorb shocks.

## Planned Work

### Automated Staking & Rebalancing (P0)

- Implement `StakingStrategy` and `RebalancingPolicy` in `aitbc/agent_economics/`.
- Add automated delegation/un-delegation of AITBC to validator sets based on
  real yield and slashing risk.
- Implement cross-chain rebalancing triggers (threshold, schedule, and
  opportunity-based).
- Add portfolio tracking and exposure limits per chain/token.

### Performance Bond Lifecycle (P0)

- Extend `PerformanceBond` with lock, top-up, partial release, and liquidation
  states.
- Implement automated bond top-up when collateral value falls below required
  thresholds.
- Add bond forfeiture and provider off-boarding workflows.
- Wire bond status to provider eligibility in `apps/marketplace/`.

### Provider Reinvestment Loop (P1)

- Build the reinvestment decision engine: earned AITBC is converted to GPU
  and storage capacity according to a provider-defined policy.
- Integrate with `apps/miner/` and `apps/gpu/` to publish new capacity.
- Add forecast-driven pre-investment (e.g., buy memory before demand spikes).

### Risk & Solvency Engine (P1)

- Add a solvency monitor that predicts bond shortfalls and recommends action.
- Implement risk scoring for chains, validators, and storage providers.
- Add circuit-breaker logic that halts autonomous actions during extreme
  market events.

### Cross-Chain Yield & Liquidity (P2)

- Add yield-venue integrations (staking, liquidity pools) with pluggable
  adapters.
- Implement AITBC token swaps across chains to fund operations.
- Add yield harvest and compounding automation.

### Slashing Appeals & Governance (P2)

- Implement on-chain slashing appeals with evidence submission.
- Add OpenClaw DAO proposals for slashing rule updates and bond thresholds.
- Add economic emergency pause and parameter rollback controls.

## Breaking Changes

- Bond state machine changes will affect `apps/coordinator-api` provider
  eligibility and `apps/miner/` reinvestment flows. Concrete breaking changes
  will be documented as the release matures.

## Release Gate

- [x] Automated staking and rebalancing strategies have unit tests.
- [x] Performance bond lifecycle (lock, top-up, release, liquidation) is
      modeled and tested.
- [ ] Provider reinvestment loop publishes updated capacity.
- [x] Risk/solvency engine triggers circuit breakers under simulated stress.
- [ ] Cross-chain yield and slashing appeal workflows are testable.
- [ ] `./venv/bin/python -m ruff check .` passes.
- [ ] `./venv/bin/python -m mypy --show-error-codes aitbc/` passes.
- [ ] `./venv/bin/python -m pytest tests/unit -q -o addopts=""` passes.

*Generated with [Devin](https://devin.ai)*
