# v0.16.1 — Platform Builder Tooling (Phase 1: CLI, Registry & Grants)

**Last Updated**: 2026-07-24
**Status**: Planned 🚧
**Prerequisite**: v0.10.18 complete; v0.11.0 in-flight, v0.12.0–v0.15.2 planned

## Release Theme

Improve the Platform Builder experience with a streamlined CLI configuration
tool, developer registry, DAO grants workflows, local development helpers, and
introductory builder documentation — the foundation needed to onboard external
contributors and lower the barrier to entry for new AITBC developers.

## Motivation

Hardcoded API keys have been removed in favor of environment variables, and
the project is shifting toward Phase 4 success criteria. To grow the builder
community, the platform needs self-service onboarding, clear documentation,
and tooling that validates a developer's environment before they run services
or submit contributions.

## Planned Work

### CLI Configuration Tool (P0)

- Add `aitbc config check` to report missing or malformed environment API keys.
- Add `aitbc config set --key KEY --value VALUE` with secure storage guidance.
- Add `aitbc bootstrap-env` to generate a starter `.env` file and validate it.
- Integrate key validation with the existing `scripts/security/scan_secrets.py`
  workflow.

### Builder Documentation & How-To Guides (P1)

- Create `docs/builders/` with:
  - `getting-started.md` — install, env setup, first agent.
  - `contributing.md` — repo layout, tests, commit conventions.
  - `grants.md` — how to propose and complete DAO grants.

### Developer Registry & DAO Grants (P2)

- Extend `apps/coordinator-api` with a developer registry (profile,
  reputation, project listing).
- Add grant proposal lifecycle: draft, vote, milestone, disburse, close.
- Add CLI commands: `developer register`, `developer list`, `grant create`,
  `grant vote`, `grant milestone`, `grant status`.

### Local Development Helpers (P2)

- Add `scripts/dev/start-local.sh` to spin up a minimal local node, coordinator,
  and wallet for integration testing.
- Add example agent projects under `examples/builder/`.
- Provide `pytest` fixtures in `tests/integration/fixtures/builder.py`.

## Breaking Changes

- New CLI commands and developer registry endpoints. Existing environment-based
  configuration remains backward compatible.

## Release Gate

- [ ] `aitbc config check` reports missing env keys correctly.
- [ ] `aitbc bootstrap-env` produces a valid starter `.env`.
- [ ] Builder docs cover getting started, contributing, and grants.
- [ ] Developer registry and grant proposal endpoints are testable.
- [ ] `./venv/bin/python -m ruff check .` passes.
- [ ] `./venv/bin/python -m mypy --show-error-codes aitbc/` passes.
- [ ] `./venv/bin/python -m pytest tests/unit -q -o addopts=""` passes.

*Generated with [Devin](https://devin.ai)*
