# v0.22.1 Release Log

Tag: **v0.22.1** = `b2539661b`
Baseline: v0.22.0 (`a5d84956f`)

Restores the ZK proving keys accidentally untracked in v0.22.0 and closes the remaining v0.22 audit findings.

---

6cd6a5cf5ee64c27c50e7685ae3ecc442abb5c85 fix(zk): restore proving keys untracked by a5d84956f [AITBC-87]
4ada8d53dc3eb0afc7cabc0b81fd39a196e4e553 fix(core): close five confirmed v0.22 audit findings [AITBC-87]
11f41ccaa802090b7180521e5e75c079c852718f docs(release): add v0.22 status ledger and withdraw the false fabrication claim [AITBC-87]
7a6bea1e0f00f5af37132e933bdfd18342b4d3f2 test(cli): retarget compliance tests at the real command surface [AITBC-87]
32f51e16504cddc0dbdbdf7a309b4a67ab745966 fix(blockchain-node): compute stake lock period with timedelta [AITBC-70]
f159b7613c3caab33af77192e64f568a8b0d203c fix(db): evaluate datetime column defaults per row [AITBC-70]
2505b51fec5bcd2457ceed7637e86836be6fb113 fix(cli): generate real key material for file-based wallets [AITBC-70]
02d381764e110b16e0c3728e54d57e0bd4831571 fix(ops): read rotation secrets from stdin instead of argv [AITBC-70]
0663c89f4bf5c5ede09e5ab3523ba20257e65da5 test(wallet): add keystore and encryption suites; fix two defects found [AITBC-70]
a4bfa69a571c8e616296fd1af7139dc7e196f0db test(cli): assert real wallet key material in adapter tests [AITBC-70]
8c63051cc105a91ed2aed80d8c53d83a86101205 fix(docs): scope link validation to aitbc-owned paths [AITBC-70]
3f0582e1f96550ad9ebe0266132b42b291a99562 fix(api): return real status codes instead of tuples [AITBC-88]
035d0933c224c92a3bfbb4f769a70dfbf1912001 fix(api): complete APP-X1 and APP-47, add missing example fixtures [AITBC-88]
dab837cf00ceb39c91620502f756690b01da59f6 test(trading): update offer sync/subscription tests for Decimal [AITBC-76]
9be1161196cab83e2f167c52c60fa58de8367939 docs(release): update v0.22 ledger with re-verification results [AITBC-88]
2bd45c49a2c4d59f82afb4eff85a303a51258879 fix(ai-engine, gpu): stop reporting success for work never done [AITBC-88]
c718469c1776d86afb5fa6a6d94268a50a3ad7a7 fix(apps): close lowest-effort security findings and update tests [AITBC-88]
f1bbf7e5e6624f242b983dc3a089d4bfe8f789e1 fix(apps): close second batch of low-effort findings [AITBC-88]
d89d2bb33742ea87b93be6475f749926374d2065 docs(security): record why key escrow uses Shamir and generator 3 [AITBC-89]
9188b627965afc7a2ccb0f09258c1f65002076d5 fix(apps): close third batch of low-effort findings [AITBC-88]
841a4b14e7b91da2c9f048849c8b46d3e1b2a30a fix(apps): close fourth batch of low-effort findings [AITBC-88]
5ad3bc4d56decad6307e38525a252e86ac92d162 fix(apps): close fifth batch of low-effort findings [AITBC-88]
50c89483d43b8b8e74fab590b5a077ee9e5ae8e2 fix(apps): close sixth batch of high-value findings [AITBC-88]
4233c58f4875f872b98c63e1ed923ec502c5027d fix(apps): close seventh batch of findings [AITBC-88]
b1952e209e09dcfc2a82eda9ab5ed9bfabe50d60 fix(marketplace): close APP-40/41/42 [AITBC-88]
e3d499bf091e02caeadbe0548d88c04e26cb885c fix(pool-hub): make reward distribution idempotent per miner per epoch [AITBC-90]
7fce17bd5565e30d4fad8104bd5cfd7a23619ebc fix(agent-coordinator): close APP-33/35 [AITBC-88]
35f19aa337c79c7955bc73c4dfd28dba276709fa fix(pool-hub, zk): correct three overstated "closed" audit claims [AITBC-90]
29cc98ea77498904a5234eb7ca848cba7d644010 fix(agent-coordinator): close APP-32 and dedup APP-39/62 in release.log [AITBC-88]
c9e695832107f8c2d1f1a66e3a35377b6b5c7661 fix(pool-hub): close APP-X3 by wiring service endpoints to DB-backed auth [AITBC-88]
06b9b798bfd11e4252b4c8ad9183683598b64433 fix(governance): close APP-39 by migrating money fields to Decimal [AITBC-88]
eb037eb2476b84bee077f9eaa48e3241ffd956f5 fix(pool-hub): close APP-28/29b — match explain and governance key auth [AITBC-88]
e34f4da891b218c6c2b8f2fb1f6975562acd0565 fix(trading): close APP-60 by preventing mass assignment in creation paths [AITBC-88]
2377994f08d71dac06b26ea2112356940b7940e6 docs: append open task split to AGENTS.md [AITBC-88]
9053bae772210faf0e3e57b04531df58c4799ded docs: move open task split to docs/releases/v0.22/AGENTS.md [AITBC-88]
0289fbc36fd712eeb90e009703cdde946b546b87 fix(blockchain-event-bridge): close APP-64 — persistent checkpoints and reorg window [AITBC-88]
77ad73bc92b677c6fe9056bd22f5c53e18fe7aca docs(v0.22): add quick action plans for Agent A open areas [AITBC-88]
ef57f0e5a1fb32e989ae527d1b5b632a0b550539 fix(cli): forward global flags through Wallet daemon is not available. Falling back to file-based wallet listing. my-agent-wallet: aitbc1c10f0e4fb1d162bb27af88a698b8c2e6e39a844f test-wallet-2: aitbc18ccd4fe2b8fbbf7dc1b0e01815c2cf88d0fa7705 test-wallet-3: aitbc1a54b82312beb65d0e90c21717ea372396991fa36 alias [AITBC-91]
65922e09d8fff2e56cc147b79b6211abc5371410 fix(core): close CORE-02/12/18/19/20/22/26/28/29 quick wins [AITBC-91]
145027dd42b1c56ab61199f3f7c634d0a9274f55 fix(core): close more open CORE findings [AITBC-91]
48ae86ee2bc11fbf9a5fbfe1a2d3b04a57b7d392 fix(core): close final open CORE findings [AITBC-91]
d07ceb632e34c2f27c3ac68dfc1512b6db73f076 docs: add tea (Gitea CLI) skill reference [no-ticket]
629cfc7a901a42d4d7b65df314c640e92367ce1a Merge remote-tracking branch 'origin/main' into main [AITBC-91]
9ded67930b3d94d9adb8713a3a5cc3f722ef6525 fix(cli): close the five genuinely-open Agent B CLI findings [AITBC-91]
b6684532f76bb1b4335e8b977561e1a28ba7b026 fix(contracts): close SC-08/09/10/11/14 [AITBC-92]
c7848830320b18a54a9a4e21c1c94e8d3de7457e fix(ops): close OPS-04/06/07/09/10/12/14/15/18 [AITBC-92]
2572acec0ad8a58f832075a6e1686cb09022c951 fix(packages): close PKG-01/02/04/06/07/11/12/13 [AITBC-92]
5ea2e6b0765ecbbc1a3e007930358f7e6f4df002 docs(tests): close TEST-02/TEST-05, DOC-04, DOC-06 [AITBC-92]
cb400eb9e58289fc33a620f5a8a9d014779eaf4e docs(release): record AITBC-92 closures and rewrite the remaining-work plan [AITBC-92]
b2539661b54ae19237a372df65280804537167df docs(release): re-verify the v0.22 agent split and add fix suggestions [AITBC-93]
