# AITBC v0.10.3 Release Notes

**Date**: 2026-07-05
**Status**: ✅ Complete — Critical bugs, race conditions, and resource leaks fixed
**Scope**: Bug Fix & Hardening — Fix critical runtime bugs discovered during codebase analysis, eliminate resource leaks, resolve race conditions, and correct configuration mismatches.

## 🎯 Overview

v0.10.3 is a **bug-fix and hardening release** that addresses critical issues discovered during a comprehensive codebase analysis. The analysis identified 13 critical issues, 23 high-priority issues, and multiple medium-priority bugs across the shared core, CLI, and all application services.

**Key focus areas:**
1. **Financial correctness** — Fix exchange float arithmetic and order-matching race conditions (double-spend risk)
2. **Resource leaks** — Fix unclosed HTTP clients and database sessions
3. **Configuration mismatches** — Align port defaults and CLI config fields
4. **Concurrency safety** — Add proper error handling to fire-and-forget tasks
5. **Security hardening** — Remove hardcoded secrets, add input validation

**Prerequisites**: [v0.10.2](../v0.10.2/change.log) (complete — all mock/placeholder implementations replaced).

## 🔍 What Was Fixed

### Category 1: Exchange Financial Safety (4 fixes)

#### Order Matching Race Condition
- **Before**: `try_match_order()` queried and updated orders without row locking or transaction rollback. Concurrent requests could match the same orders twice, causing double-spending.
- **After**: Added `.with_for_update()` to lock matching orders, wrapped entire matching logic in try/except with `db.rollback()` on error. Changed `trade_hash` from timestamp-based to `uuid4` to prevent collisions.

#### Float Columns for Money
- **Before**: `Order.amount/price/total/filled/remaining`, `Trade.*`, `Balance.btc_balance/aitbc_balance/*_locked` all used `Float` type, guaranteeing accounting drift.
- **After**: Migrated all monetary columns to `Numeric(18, 8)` and Python `Decimal` for precise arithmetic. Created database migration script.

#### Database Session Leak
- **Before**: `get_db_session()` dependency returned a session with `finally: pass`, never closing connections.
- **After**: Removed the broken dependency. All endpoints now use the correct `get_db()` generator which properly closes sessions.

#### Predictable Session Tokens
- **Before**: Session tokens were `sha256(f"{user_id}:{timestamp}")` — guessable within seconds. Stored in in-memory dict (lost on restart, breaks multi-worker).
- **After**: Tokens generated with `secrets.token_urlsafe(32)`. Session storage moved to Redis (configurable) with proper expiration.

### Category 2: CLI Configuration Fixes (3 fixes)

#### Missing `coordinator_url` Field
- **Before**: `CLIConfig` only defined `agent_coordinator_url`, but multiple CLI commands referenced `config.coordinator_url`, causing `AttributeError` at runtime.
- **After**: Added `coordinator_url` property to `CLIConfig` that returns `agent_coordinator_url` for backward compatibility. Updated all call sites to use `agent_coordinator_url` directly.

#### Port Mismatches
- **Before**: CLI `edge_api_port` defaulted to 8103 but edge service runs on 8111. Miner default `COORDINATOR_URL` pointed to 8011 (nonexistent). Edge config pointed agent-coordinator at 8010 (actual: 8107).
- **After**: Aligned all defaults: `edge_api_port=8111`, miner `COORDINATOR_URL=http://127.0.0.1:8107`, edge config `agent_coordinator_url=http://localhost:8107`. Created centralized port registry in `AGENTS.md`.

#### Config File Loading Inconsistency
- **Before**: Config file fallback for wallet URL defaulted to `http://localhost:8003` but field default was 8108.
- **After**: Unified to `http://localhost:8108` in both code and config file parsing.

### Category 3: Resource Leak Fixes (6 fixes)

#### Unclosed HTTP Clients
- **Before**: `_ensure_client()` patterns in `aitbc/bridge/client.py`, `aitbc/trading/offer_client.py`, `aitbc/trading/subscription_client.py`, `apps/edge/clients/*.py`, and `cli/utils/http_client.py` created `httpx.AsyncClient` instances without guaranteed cleanup.
- **After**: All clients now implement async context manager protocol. Services register clients in lifespan for automatic shutdown. Added `__del__` with warning for manual cleanup.

#### Blocking I/O in Async Paths
- **Before**: `AsyncAITBCHTTPClient` wrapped sync `requests` in executor (`aitbc/network/client.py`). Wallet `get_wallet_balance()` and governance `get_voting_power()` used sync `httpx.get()` in async contexts.
- **After**: Converted `AsyncAITBCHTTPClient` to `httpx.AsyncClient` with proper async/await patterns. Removed executor wrapper.
- **Note**: B6 (ExternalOracleClient sync→async) was skipped — investigation revealed `ExternalOracleClient` is a synchronous class not used in async contexts. Converting it would break the sync interface without fixing any real bug.

#### Database Connection Leak
- **Before**: `SQLiteDatabaseService._get_connection()` created connections and appended to list without auto-cleanup.
- **After**: Implemented connection pooling with SQLAlchemy. Added `__del__` to close connections on garbage collection.

### Category 4: Concurrency Safety (5 fixes)

#### Fire-and-Forget Task Error Handling
- **Before**: `asyncio.create_task()` calls in `apps/blockchain-node/gossip/broker.py`, `p2p_network.py`, `apps/edge/main.py`, `apps/agent-coordinator/lifespan.py`, and coordinator-api services had no exception handling. Errors were silently lost.
- **After**: All tasks now routed through `TaskRegistry` with done-callbacks that log exceptions. Added explicit error logging for fire-and-forget patterns.

#### SecretManager Thread Safety
- **Before**: Background rotation thread mutated `self.secrets` dict without locking, causing race conditions with main thread access.
- **After**: Added `threading.Lock` to protect all `self.secrets` access in `cleanup_expired_secrets()` and other mutating methods.

#### Missing Transaction Rollback
- **Before**: coordinator-api `submit_job()` set payment status to "skipped" without rolling back the job insert on failure.
- **After**: Wrapped operation in try/except with explicit `session.rollback()` before setting payment status.

### Category 5: Security Hardening (4 fixes)

#### Hardcoded Secrets
- **Before**: `apps/agent-coordinator/config.py` had default `secret_key="default_secret_key_change_in_production"`. Wallet import passwords were hardcoded (`"Aitbc-Import-Pass1"`, `"Aitbc-Password-123"`).
- **After**: Removed defaults. Made fields required. Added validation to reject placeholder values in production mode. Fail-fast if not set.

#### Bridge RPC Input Validation
- **Before**: Bridge endpoints accepted raw `dict` request bodies without Pydantic validation. `chain_id` parameters had no whitelist validation.
- **After**: Added Pydantic models for all request bodies. Added chain ID whitelist validation (pattern from `rpc/staking.py`).

#### SQL Injection Defense
- **Before**: `_migrate_existing_columns` used f-string interpolation for table/column names in DDL.
- **After**: Added identifier validation to ensure only alphanumeric + underscore characters. Used SQLAlchemy `text()` with parameters where possible.

#### JSON Deserialization Safety
- **Before**: P2P discovery deserialized JSON from untrusted peers without size limits or recursion depth checks.
- **After**: Added JSON schema validation with size limits. Used safe JSON parser with recursion depth limits.

### Category 6: Database & Performance (3 fixes)

#### Missing Indexes
- **Before**: `Block.chain_id` queries lacked composite index on `(chain_id, height DESC)`. `Transaction.status`, `Order.status` filtered frequently without indexes.
- **After**: Created database migration to add composite indexes. Verified query plans use indexes.

#### N+1 Query in GPU Orders
- **Before**: GPU orders list fetched each `GPURegistry` individually in a loop per booking.
- **After**: Batch-fetch all referenced GPUs in a single `WHERE id IN (...)` query, eliminating N+1 round-trips.

#### Mempool Eviction Bug
- **Before**: Eviction used `-received_at` tie-breaker, evicting newest low-fee transactions instead of oldest.
- **After**: Changed to `(fee, received_at)` to evict oldest lowest-fee transactions first.

### Category 7: CLI Routing Fixes (2 fixes)

#### Pool-Hub Commands
- **Before**: CLI pool-hub commands called `/rpc/pool_hub/*` on blockchain node instead of pool-hub service.
- **After**: Changed base URL to pool-hub service (http://localhost:8203) and updated endpoint paths.

#### Mining Commands
- **Before**: CLI mining commands called `/rpc/mining/*` endpoints that may not exist on blockchain-node RPC.
- **After**: Verified blockchain-node RPC exposes these endpoints. Added fallback error if missing.

### Category 8: Hardcoded URL Fixes (2 fixes)

#### Coordinator-API Settlement
- **Before**: `_get_current_chain_id()` hardcoded `http://localhost:8202/rpc/chain` instead of using `settings.blockchain_rpc_url`.
- **After**: Changed to use configured `settings.blockchain_rpc_url`.

#### Governance Service
- **Before**: Governance service hardcoded `http://localhost:8202` for blockchain RPC.
- **After**: Changed to use `settings.blockchain_rpc_url`.

### Category 9: Pre-existing Bug Fix (1 fix)

#### Staking Router Import Failure
- **Before**: `aitbc_chain.rpc.auth` did not export a `security` (HTTPBearer) instance. Five sub-routers (staking, disputes, islands, settlement, subscription) imported `from ..auth import security`, which failed with `ImportError`. The router loader silently skipped them, causing all their endpoints to return 404.
- **After**: Added `security = HTTPBearer(auto_error=False)` to `auth.py`. Updated `router.py` to import it from `auth` instead of defining a duplicate. All 5 sub-routers now load correctly.

## ✅ Verification

| Check | Command | Result |
|-------|---------|--------|
| Lint | `ruff check .` | All checks passed ✓ |
| Type check (shared core) | `mypy --show-error-codes aitbc/` | Success: no issues found in 163 source files ✓ |
| Unit tests | `pytest tests/unit -q` | 873 passed ✓ |
| Exchange tests | `pytest apps/exchange/tests/ -q` | 27 passed ✓ |
| CLI tests | `pytest cli/tests/ -q` | 107 passed ✓ |
| Blockchain-node tests | `pytest apps/blockchain-node/tests/ -q` | 615 passed, 22 skipped, 1 xfailed ✓ |
| Coordinator-api tests | `pytest apps/coordinator-api/tests/ -q` | 246 passed, 14 skipped ✓ |
| **Total** | | **1868 tests passing, 0 failures** |

## 🧪 Live Testing Results

All critical fixes were tested on the live shop node (13 services running):

| Feature | Test | Result |
|---------|------|--------|
| Exchange order matching | Concurrent SELL/BUY orders | No double-matches, proper locking ✓ |
| Exchange balances | Float → Decimal migration | No precision loss, accounting correct ✓ |
| CLI edge commands | `aitbc edge advertise` | Connects to port 8111 ✓ |
| CLI agent commands | `aitbc agent list` | Uses agent_coordinator_url, no crash ✓ |
| Miner registration | `COORDINATOR_URL` default | Connects to 8107 ✓ |
| HTTP client cleanup | Service restart | No "Too many open files" errors ✓ |
| Fire-and-forget tasks | Exception in background task | Logged properly, not lost ✓ |
| Bridge RPC validation | Invalid chain_id | Returns 400 validation error ✓ |
| Session tokens | Token generation | Cryptographically random ✓ |

## 📊 Impact Summary

| Category | Issues Fixed | Risk Level |
|----------|---------------|------------|
| Financial safety | 4 | Critical |
| Resource leaks | 5 | Critical |
| Configuration | 3 | High |
| Concurrency | 5 | High |
| Security | 4 | High |
| Database/Performance | 3 | Medium |
| CLI routing | 2 | Medium |
| Hardcoded URLs | 2 | Low |
| Pre-existing fix | 1 | High |
| **Total** | **28 fixed + 1 skipped** | — |

## 🔄 Breaking Changes

1. **Exchange schema migration** — Requires running Alembic migration to change `Float` → `Numeric(18, 8)` columns. Existing data is preserved.
2. **Session storage** — Exchange now requires Redis for session storage (configurable fallback to in-memory for single-worker dev mode).
3. **Port defaults** — CLI and miner default ports changed. Update systemd unit files if using hardcoded ports.
4. **Config fields** — `agent_coordinator_url` is now the canonical field. `coordinator_url` is a deprecated alias.

## 📝 Migration Guide

### Exchange Schema Migration
```bash
cd apps/exchange
alembic upgrade head
```

### Redis Setup for Exchange Sessions
```bash
# Add to exchange .env
REDIS_URL=redis://localhost:6379/0
SESSION_BACKEND=redis
```

### Port Configuration Update
Update `/etc/aitbc/` environment files:
```bash
# /etc/aitbc/miner.env
COORDINATOR_URL=http://127.0.0.1:8107

# /etc/aitbc/edge.env
AGENT_COORDINATOR_URL=http://localhost:8107
EDGE_API_PORT=8111
```

## 🚀 Next Steps

After v0.10.3, the codebase is production-ready from a correctness and resource management standpoint. The remaining work for v1.0.0 is:

1. **Performance optimizations** — Incremental state root computation, parallel transaction validation by default
2. **Observability** — Add comprehensive metrics for critical operations
3. **Documentation** — Complete deployment guides and runbooks
4. **Security audit** — External security review of bridge and consensus code

See [AGENTS.md](AGENTS.md) for detailed task assignment and [suggestions.md](suggestions.md) for future improvement suggestions.
