# v0.15.1 — Compliance-Ready Modules (Phase 1: Policies, Encryption & Audit)

**Last Updated**: 2026-07-24
**Status**: Planned 🚧
**Prerequisite**: v0.10.18 complete; v0.11.0 in-flight, v0.12.0–v0.14.2 planned

## Release Theme

Implement the policy and audit foundation for compliance-ready deployments.
This release delivers the policy framework, data classification, encryption,
and immutable audit logging primitives required for Healthcare (HIPAA) and
Financial services agents, plus generic templates for Manufacturing, Education,
and Retail.

## Motivation

The platform lists Healthcare (HIPAA) and Finance (regulatory) as target
industries, but the infrastructure to enforce strict data protection, audit
trails, and consent management is not yet in place. v0.15.1 closes that gap by introducing policy-aware APIs,
data classification, encryption, and immutable audit logging so medical and
financial agents can operate on AITBC without leaking protected data.

## Planned Work

### Compliance Policy Framework (P0)

- Create `aitbc/compliance/` with policy definitions for HIPAA, SOC 2, GLBA,
  PCI-DSS, and generic Manufacturing, Education, and Retail templates.
- Add data classification labels (PHI, PII, PCI, public, internal, restricted).
- Implement consent and retention policy abstractions.

### Encryption & Key Management (P1)

- Enforce AES-256 encryption for data-at-rest and TLS 1.3 for data-in-transit
  within compliance containers.
- Add per-tenant key derivation and rotation policies.
- Implement key escrow and recovery flows for regulated data.

### Audit Logging & Immutable Trails (P1)

- Build an append-only, tamper-evident audit log for compliance-sensitive
  events.
- Add log shipping and retention policies.
- Integrate audit events with `apps/coordinator-api` analytics domain.

### Healthcare HIPAA Module (P1)

- Implement minimum-necessary access controls for PHI.
- Add consent tracking, right-to-access, and right-to-delete workflows.
- Enforce audit logging for all PHI access and modifications.

## Breaking Changes

- New compliance middleware and policy decorators may restrict existing
  endpoints. Concrete breaking changes will be documented as the release
  matures.

## Release Gate

- [x] Compliance policy framework compiles and has unit tests.
- [x] Encryption and key management primitives are testable.
- [x] Immutable audit log primitives have unit tests.
- [x] HIPAA module has example policies and tests.
- [x] `./venv/bin/python -m ruff check .` passes.
- [x] `./venv/bin/python -m mypy --show-error-codes aitbc/` passes.
- [x] `./venv/bin/python -m pytest tests/unit -q -o addopts=""` passes.

*Generated with [Devin](https://devin.ai)*
