# v0.23.14 — High — the contract toolchain's declared dependency tree

## High — the contract toolchain's declared dependency tree

### V23-27 — 38 advisories in `contracts/package-lock.json`, 19 high · CONFIRMED → RESOLVED

```
cd contracts && npm audit
# 38 vulnerabilities (15 low, 4 moderate, 19 high)
```

`contracts/node_modules` is empty in a fresh checkout, so this is a property of the
**tracked lockfile** — what anyone gets on `npm ci` — not of one machine. That makes it
strictly more actionable than V23-19/V23-20.

The one worth attention beyond a routine bump is `elliptic`, flagged as *"Uses a
Cryptographic Primitive with a Risky Implementation"* (GHSA-848j-6mx2-7j84), reached via
`@ethersproject/signing-key`. That is the signing path of the contract tooling. `axios`
(10 advisories), `ws`, `adm-zip` and `brace-expansion` account for most of the rest.

`npm audit fix --force` reports it would install `@nomicfoundation/hardhat-verify@3.0.22`,
a breaking change — which is why this has not happened by itself.

By contrast `packages/` is clean: `pnpm audit` reports no known vulnerabilities.

> **Fix**: take the non-breaking `npm audit fix` first and commit the lockfile, then handle
> the hardhat-verify major separately against the contract suite (115 passing as of v0.22).
> Splitting them keeps the breaking change reviewable.

**PARTLY RESOLVED — 38 → 32 (19 high → 13).** The non-breaking half is done and the lockfile
committed. Unlike V23-19, this count *is* a property of the repository: it comes from the
tracked lockfile, so it is what anyone gets on `npm ci`.

**The remaining 32 are one migration, not thirty-two problems.** Every one traces to the
Hardhat 2.x toolchain:

| | |
|---|---|
| `@nomicfoundation/hardhat-toolbox` → 7.0.0 | pulls `adm-zip`, `undici`, `hardhat` |
| `@nomicfoundation/hardhat-verify` → 3.0.22 | pulls the twelve `@ethersproject/*`, including `elliptic` |
| `solidity-coverage` → 0.7.22 | pulls `serialize-javascript`, `mocha` |
| `@typechain/hardhat`, `hardhat-gas-reporter` | **no fix published at any version** |

All five are direct dev dependencies and all five are semver-major. Two have no fix at all,
so even taking every breaking bump does not reach zero — this is a Hardhat 2 → 3 migration
with two dependencies that must be replaced or dropped. That is a project, and splitting it
out is what the finding asked for.

**On `elliptic`**, which the finding singled out: it is reached through
`@ethersproject/signing-key` in `hardhat-verify`, which is **contract tooling, not deployed
code**. The exposure is a developer or CI machine running verification, not anything
on-chain. Worth stating because "risky cryptographic primitive in the signing path" reads
much worse than it is here.

**Verified against the contract suite**, with a baseline rather than an assumption: on the
*original* lockfile, `npx hardhat test` gives **115 passing / 87 pending / 2 failing**; on the
fixed lockfile, identical, with the same two failures (`Phase 4 Modular Smart Contracts`,
`TreasuryManager`). The lockfile change is neutral.

> **Two things the audit did not record, found while establishing that baseline**: the
> contract suite has **2 pre-existing failures and 87 pending** tests — "115 passing as of
> v0.22" was accurate and incomplete — and **no CI workflow references `contracts/` at
> all**. Nothing builds, tests or audits the contract toolchain automatically, which is the
> same gap V23-10a found for app suites.

> **Correction to that second point. It is wrong.** Seven workflows reference `contracts/`,
> and six jobs across two of them build and test it: `smart-contract-tests.yml`
> (`test-solidity`, `test-foundry`, `lint-solidity`, `deploy-contracts`) and
> `contract-benchmarks.yml` (three benchmark jobs). I had grepped `.github/workflows/`. This
> repository runs on Gitea Actions and its CI lives in **`.gitea/workflows/`** — the
> directory whose job names were visible in the PR checks I had been reading all along.
> Checking one plausible location and reporting the absence as a fact is the same error as
> V23-14, where a grep that resembled the finding stood in for the code the finding named.
> The real defect is worse than the one I reported, and is written up below.

**Second pass on the remainder — 32 → 27, and high 13 → 1.** The finding said the rest was a
Hardhat 2 → 3 migration. Most of it is. Some of it was not, and the part that was not is
reachable through `overrides`, which `contracts/package.json` already uses.

| Override | Was | Now | Clears |
|---|---|---|---|
| `serialize-javascript` | `^6.0.2` | `^7.1.0` | 2 high |
| `ws` | *(none)* | `^8.21.3` | 2 high |
| `adm-zip` | *(none)* | `^0.6.0` | 1 high |

**`serialize-javascript` was already overridden — to a vulnerable version.** The advisory range
is `<=7.0.4`; the override pinned `^6.0.2`, squarely inside it. An override added to fix a
vulnerability was holding the package at a vulnerable version, and because the entry existed
it read as handled. Clearing it also cleared `mocha` and `hardhat-gas-reporter`, which the
finding lists as *"no fix published at any version"* — true of an advisory against the package
itself, and not the reason they were flagged.

**`undici` — 12 of the 32 advisories — cannot be fixed without the migration, and this was
verified rather than assumed.** The vulnerable range is `<=6.27.0`, so any 7.x or 8.x clears
it, and with `undici@8.10.0` the audit reported **zero high and zero moderate** while the test
suite stayed at exactly 115/87/2. It would have shipped a broken toolchain:

```
$ rm -rf ~/.cache/hardhat-nodejs && npx hardhat compile
Error HH502: Couldn't download compiler version list.
  Caused by: InvalidArgumentError: maxRedirections is not supported, use the redirect interceptor
```

undici removed `maxRedirections` in 7.0; Hardhat 2.29 still passes it. **The suite passed
because solc was already cached, so the download path never ran.** `undici@7.29.0` fails the
same way, so there is no version above the vulnerable range that Hardhat 2 can use. That is
the difference between "the tests pass" and "it works", and it is the second time in this
audit that a green result came from a code path that never executed.

**On `elliptic`**, two corrections to the finding. It is **low**, not high. And its vulnerable
range is `*` — *no published version is unaffected* — so the existing `elliptic: ^6.5.4`
override cannot do anything and never could.

**On `solidity-coverage`**, `npm audit fix --force` proposes `0.7.22` against an installed
`0.8.17`. That is a **downgrade**, presented in the same column as the upgrades. Taking it
would move backwards to reach a version predating the advisory. The finding quoted the
proposal without noting it goes the wrong way; it should not be taken.

**Remaining: 27 (18 low, 8 moderate, 1 high).** Every one traces to Hardhat 2.x, and the one
high is `undici`. Verified with `npm ci` from an empty `node_modules` and a cleared compiler
cache: 51 contracts compile, suite at 115/87/2 — the baseline, unchanged.

**The migration, now scoped against the registry rather than guessed at.** Hardhat 3.12.0 is
stable and the plugin line has shipped: `hardhat-toolbox-mocha-ethers@3.0.7` keeps mocha and
ethers, so the test *framework* need not change; `hardhat-verify@3.0.22`,
`hardhat-ethers@4.0.15`, `hardhat-chai-matchers@3.0.0`, `hardhat-network-helpers@3.0.11` all
exist for it. Two do not and must be dropped, not upgraded: **`@typechain/hardhat` stops at
9.1.0** and **`solidity-coverage` stops at 0.8.17** (Hardhat 3 has built-in coverage). The
work is 33 files that import `hardhat`, 16 test files and 20 scripts, plus the config:
Hardhat 3 removes the injected global `ethers` in favour of `await network.connect()`, and
`solidity.compilers` becomes `solidity.profiles`.

**DONE — 27 → 11, and every remaining advisory is `low`.** The migration was carried out;
see V23-27b. One correction to the scoping above: typechain was not dropped, it **moved** —
`@typechain/hardhat` is dead but `@nomicfoundation/hardhat-typechain@3` is bundled in the
toolbox, so bindings are still generated. And Hardhat 3 removed `undici` from its dependency
tree entirely, which is why the 12 advisories that had no reachable fix disappear rather than
being suppressed.

### V23-27b — the Hardhat 2 → 3 migration · RESOLVED

Carried out against the 115 passing / 87 pending / 2 failing baseline, which the migrated
suite reproduces exactly, with the same two pre-existing failures (`Phase 4 Modular Smart
Contracts`, `TreasuryManager`).

**Advisories: 27 → 11, and 0 high, 0 moderate.** The eleven that remain are the
`@ethersproject/*` v5 family plus `elliptic`, reached through `hardhat-verify`, all `low` and
all with no fix published. `elliptic`'s vulnerable range is `*`, so it stays until
`hardhat-verify` stops using ethers v5 internally. **The dependency tree drops from ~880
packages to 266.**

The `ws` / `serialize-javascript` / `adm-zip` overrides from V23-27 are **kept, and still
earn their place**: removing them under Hardhat 3 puts the count back to 14 with 1 high and 3
moderate. Hardhat 3 itself already depends on `ws ^8.21.1` and `adm-zip ^0.6.0` — the same
versions those overrides force — so they now agree with the toolchain rather than fighting it.

What actually had to change, in order of how much thought it needed:

**The EVM target moved, silently.** Hardhat 2 built this project for `paris`, because solc
0.8.19 defaults to it and Hardhat 2 was selecting 0.8.19 for most files. Hardhat 3 picks the
newest compiler each pragma allows — 0.8.20 — which defaults to **`shanghai`**, and shanghai
emits `PUSH0`. A chain that has not adopted Shanghai rejects that opcode. Nothing in the test
suite would have caught it: the tests run against an EDR chain that supports it. `evmVersion:
"paris"` is now pinned explicitly in the compiler settings. **A toolchain upgrade must not
change the bytecode that gets deployed**, and this one would have.

**The `.reverted` matcher became a method.** Twenty assertions across eight files:
`expect(tx).to.be.reverted` is now `expect(tx).to.revert(ethers)`. Hardhat 3 ships a shim that
fails with the replacement in the message rather than a missing-property error, which is why
this took minutes rather than an afternoon. `.revertedWith(reason)` and
`.revertedWithCustomError(contract, name)` keep their signatures and were left alone. Before
this, the suite ran at 108/87/9 — the seven extra failures were all this one change.

**Hardhat 3 compiles Solidity tests natively, and its default test path is Foundry's.**
`foundry.toml` declares `test = "test"`, so `hardhat compile` tried to resolve `forge-std`
from `test/fuzz/*.t.sol` and failed with HHE902. `paths.tests` now separates them: mocha keeps
`./test`, Hardhat's Solidity test discovery points at `./test/solidity`, and the fuzz suite
stays with `forge test`, which is what the `test-foundry` job runs.

**The runtime lost its injected globals.** `import hardhat from "hardhat"; const { ethers } =
hardhat;` becomes `import { network } from "hardhat"; const { ethers } = await
network.getOrCreate();` — 13 test files and 8 scripts. `network.connect()` also exists and is
what the migration guide shows, but it is already deprecated in 3.12 in favour of
`getOrCreate()`, so the code went straight to the latter rather than landing on a warning.

Verified beyond the test suite, because the test suite is not the whole toolchain: `npm ci`
from an empty `node_modules`, `hardhat compile` from a cleared compiler cache (33 sources,
`evm target: paris`), and both scripts the `deploy-contracts` CI job runs — `deploy-automation.js`
then `verify-deployment.js` — executed against a live `hardhat node`, deploying four contracts
and passing all seven verification checks.

> **Found while migrating: 11 of the 20 scripts in `contracts/scripts/` cannot run at all,
> and could not before this.** They use `require("hardhat")` inside a package that declares
> `"type": "module"`:
>
> ```
> $ npx hardhat run scripts/check-balance.js
> ReferenceError: require is not defined in ES module scope
> ```
>
> That is a property of `package.json`, not of the Hardhat version — they were broken under
> Hardhat 2 in exactly the same way. They are left alone rather than converted blind:
> mechanically rewriting eleven untested deployment scripts is a worse risk than leaving them
> visibly broken, and no CI job invokes any of them. The two that CI does invoke were ESM
> already and are migrated and verified above.
>
> **Two corrections, both established by V23-27c when the scripts were actually run.** The
> count was **13**, not 11 — `verify-phase4-modular-contracts.js` and `validate_contracts.js`
> also carry `require` and were missed by the grep behind that sentence. And **"migrated and
> verified" was true of two scripts, not seven.** The pass reported "migrated 7"; only
> `deploy-automation.js` and `verify-deployment.js` were executed. Of the other five,
> `deploy-mainnet.js` was **broken by that migration** — the regex removed the `hardhat`
> binding while lines 49 and 56 still read `hardhat.network.name`. A mainnet deployment
> script, reported as migrated, that could not start. Converting without running is the same
> error as the audit's recurring shape, committed by me: **a change that looks right and was
> never made to prove it.**

Also: Hardhat 3 writes `cache/compile-cache.json` and `cache/build-info/` where Hardhat 2
wrote one `solidity-files-cache.json`, and the typechain plugin generates `types/`.
`.gitignore` now covers `contracts/cache/` as a directory rather than being extended one
filename at a time — which is how the entry it replaces came to name a single file.

### V23-27c — every script in `contracts/scripts/` was dead or unverified · CONFIRMED → RESOLVED

The follow-up V23-27b deferred, done properly: each of the 20 scripts is now **executed**
against a local `hardhat node` and its outcome recorded, rather than converted and assumed.

Doing that immediately produced two corrections to V23-27b, noted above: the dead count was
**13, not 11**, and of the seven scripts that pass reported as "migrated", only two had been
run. `deploy-mainnet.js` — a mainnet deployment script — **was broken by that migration** and
shipped that way.

**Result: 13 dead → 0.** Ten scripts now run to completion; the other ten execute their own
logic and stop on a domain condition rather than a wiring error:

| Outcome | Count | Examples |
|---|---|---|
| Runs to completion | 10 | `monitor-contracts`, `deploy-automation`, `validate_contracts`, `verify-contracts` |
| Stops on its own guard | 4 | `deploy-mainnet` (refuses non-interactive), three `verify-*` (no deployment file) |
| Stops on missing contract/data | 6 | `MockERC20` artifact absent (×3), constructor arity, address checksum, VM revert |

Four classes of breakage, all pre-existing except where noted:

**1. `require` in an ESM package** (13 scripts). Nothing subtle: `contracts/package.json`
declares `"type": "module"`, so `ReferenceError: require is not defined in ES module scope`
fires before a line of the script's own logic. Converting these needed more care than the
first attempt gave them — `import` must be top level (several files `require("fs")` inside a
function body), a shebang must stay on line 1, and `network` is a common local name, so the
hardhat import is aliased to `hardhatNetwork`.

**2. ethers v5 calls on an ethers v6 install.** `contract.deployed()` (36 sites),
`signer.getBalance()` (7), `provider.getGasPrice()`, `ethers.utils.*`, `contract.estimateGas.f()`
and BigNumber `.lt()` were all removed in v6. **These scripts had never run against the
dependency set the repository declares.**

**3. `const network = network.name;`** — a self-referential declaration that throws a TDZ
error. The file never had a `network` binding to read from, so the line could not have worked
in any version. Present in two scripts.

**4. Calls to contract methods that do not exist.** This is the one worth attention, because
it is what being dead concealed. `monitor-contracts.js` alone called **eight** methods no
contract declares:

| Called | Contract actually has |
|---|---|
| `treasuryManager.getTreasuryBalance()`, `.getTotalAllocated()`, `.getTotalSpent()` | only `getBudgetBalance(category)` |
| `marketplace.getMarketplaceStats()`, `.getActiveListings()` | `capabilityCounter`, `subscriptionCounter`, `platformFeePercentage` — **no listings concept at all** |
| `registry.totalContracts()`, `.getAllContractIds()` | `getRegistryStats()` |
| `dao.minStake()`, `.activeProposals()` | `minStakeAmount`, `proposalCount` |

Rewritten against the real interfaces rather than guessed at: the treasury's holding is now
measured the way `verify-deployment.js` already measures it — `aiToken.balanceOf(treasury)` —
which is the repository's own answer to that question, not an invented one. The script now
reports all four deployed contracts healthy, with a treasury balance of 100000.0 AIT matching
what `deploy-automation.js` funds.

> **A script that cannot start cannot be wrong.** Thirteen of these had been unrunnable long
> enough for their contract calls to drift entirely out of correspondence with the contracts,
> and nothing reported it, because the `ReferenceError` fired first. This is the audit's
> recurring shape once more, in its most literal form: the failure that masks the failure.

Also ignored here: `contracts/health-report-*.json` and the two `deployments-*-localhost.json`
files these scripts emit. Named exactly rather than as `deployments-*.json`, because
`deployments-{aitbc,aitbc1}-cascade.json` and `deployments-bridge-sepolia.json` are tracked
deployment records and a bare glob would swallow them — the mistake V23-28/V23-29 found four
times over. Until now these files could not be generated, so nothing had to ignore them.

Verified: all 20 scripts executed and categorised; contract suite unchanged at 115 passing /
87 pending / 2 failing; `npm audit` still 11 low; `ruff` and the docs validator pass.

### V23-27a — CI installs `contracts/` with a package manager the repository forbids · CONFIRMED → RESOLVED

Found while checking whether anything runs the contract suite, and it is why V23-27's numbers
described something nobody installed.

Six CI jobs run `pnpm install` in `contracts/`. Only `package-lock.json` is tracked, and
`pnpm-lock.yaml` is gitignored — so **pnpm resolved the dependency tree fresh on every run**.
Measured: `pnpm install` there resolves 560 packages with no lockfile consulted. The
`package-lock.json` that V23-27 audits, and that V23-28 established as authoritative, is not
what CI installed. Fixing advisories in it changed nothing about what CI ran.

**And V23-28's own fix was about to break all six.** Declaring `packageManager: npm@11.16.0`
makes pnpm refuse the directory outright:

```
$ pnpm install
[ERROR] This project is configured to use npm
```

Verified in both directions — removing the field lets pnpm install, restoring it refuses. So
the V23-28 fix, sitting unmerged in the stack, would have taken six green jobs red on the
commit it landed. It was caught only because fixing V23-27 meant asking what CI actually
does, which the earlier "no CI references `contracts/`" claim had foreclosed. **A wrong
observation does not just fail to help; it stops the question being asked again.**

Both workflows now use `npm ci`, so CI installs exactly the tree `npm audit` measures.

Two dead entries removed alongside: `test-solidity` had a matrix entry for
`packages/solidity/aitbc-token`, a path **deleted in `6f4c4779d`**, and the step `cd`s into it
before the `if [[ ! -f package.json ]]` guard can skip — that job failed on every run. The
`lint-solidity` loop named the same path behind an `if [[ -d ]]`, so it skipped silently
instead. `.gitignore:260-261` still ignores the directory too.

And `contracts/cache/solidity-files-cache.json` is a build cache that is **both tracked and
listed in `.gitignore:424`** — the V23-29 rule again, that ignore patterns do not apply to
files already in the index. It churned on every build. Untracked here, which makes the
existing rule effective.

### V23-28 — `contracts/` is configured for pnpm and locked for npm · CONFIRMED → RESOLVED

`contracts/.npmrc` is tracked and contains only pnpm-specific keys:

```
auto-install-peers=false
strict-peer-dependencies=true
prefer-frozen-lockfile=true
shamefully-hoist=true
```

npm does not understand any of them and says so on every invocation — `npm warn Unknown
project config "auto-install-peers"`, and the same for the other three. Among the ignored
settings is `prefer-frozen-lockfile`, the one that would make installs reproducible. The
repository believes it has that guarantee and does not.

Both lockfiles are present, and only one can be committed:

```
ls contracts/ | grep lock          # package-lock.json, pnpm-lock.yaml
git ls-files contracts/ | grep lock # package-lock.json only
git check-ignore -v contracts/pnpm-lock.yaml
# .gitignore:376:*.yaml	contracts/pnpm-lock.yaml
```

This is the **fourth** thing the blanket `*.yaml` rule has swallowed: after `*.zkey`
breaking the v0.22.0 tag, `*.yaml` hiding `pnpm-workspace.yaml` (v0.22 PKG-05) and
`wallet*.json` hiding the generated wallet spec (v0.22 DOC-02), a pattern written for
secrets is now hiding the dependency lockfile of the contract toolchain.

> **Fix**: pick one package manager for `contracts/`. If pnpm — which the `.npmrc` and the
> rest of the repo suggest — un-ignore `contracts/pnpm-lock.yaml`, commit it, and delete
> `package-lock.json`. If npm, rewrite `.npmrc` in keys npm reads. Either way the audit in
> V23-27 should be run against whichever lockfile is authoritative, because right now it is
> auditing the one nobody installs from.
>
> Separately: `.gitignore` has now hidden four needed files by accident. The rule to change
> is not any single pattern but the practice of writing bare globs — anchor them
> (`/secrets/*.yaml`) rather than negating them one casualty at a time.

**RESOLVED — npm.** One correction to the finding first: **`contracts/pnpm-lock.yaml` does
not exist.** It was present on the machine the audit ran on, untracked and ignored, so "both
lockfiles are present" was true there and is not true of the repository. In a fresh checkout
there is one lockfile, `package-lock.json`, and it is tracked.

That makes the decision straightforward rather than a judgement call: the tracked lockfile is
npm's, `package.json` declares no pnpm section, and pnpm belongs to `packages/`, which has
its own workspace. **The `.npmrc` was the odd file out** — four pnpm-only keys, on which npm
warns *"Unknown project config ... This will stop working in the next major version"*. They
already did nothing.

`contracts/.npmrc` is rewritten in keys npm reads, and the choice is now **machine-enforced
rather than documented**: `package.json` declares `packageManager: npm@11.16.0`, so corepack
refuses `pnpm install` here.

One trap avoided while doing it. The natural `.npmrc` content is `engine-strict=true` — which
does nothing unless `package.json` has an `engines` field, and it did not. Shipping that
would have replaced four settings that do nothing with a fifth. `engines` is declared
alongside it.

`npm config list` now reports **zero** unknown-config warnings, down from four.

#### The `.gitignore` practice — the actual fix

The finding is right that the rule to change is the practice. `*.yaml` had accumulated
**five** negations, each added after it had already swallowed something needed, and V23-28
found `contracts/pnpm-lock.yaml` as the sixth.

Two facts settled it:

- **The rule ignores zero files** outside vendored trees. It was protecting nothing.
- It only affects *new* files. The 61 YAML files already tracked were unaffected — which is
  precisely why it stayed invisible until it ate something, every few releases.

Replaced with patterns anchored to where secrets live and to names that mean "secret":
`/secrets/`, `.wallets/*.yaml`, `.agent_data/*.yaml`, `**/*secret*.yaml`,
`**/*credential*.yaml`. Verified in both directions rather than assumed:

| Path | Result |
|---|---|
| `secrets/anything.yaml`, `config/db-secret.yaml`, `.wallets/keys.yaml`, `apps/x/credentials.yml` | ignored |
| `apps/x/config.yaml`, `.github/workflows/new.yml`, **`contracts/pnpm-lock.yaml`** | visible |

And the check that matters for a `.gitignore` change: **no currently-tracked YAML became
ignored, and no previously-hidden file became newly visible.** The blast radius is future
files only, which is where the damage was.

---
