# v0.23.28 — Medium — the compliance module nothing tested and nothing calls

## Medium — the compliance module nothing tested and nothing calls

### V23-44 — tests for `kyc_aml_providers`, and what they found · CONFIRMED → RESOLVED

`coordinator-api/contexts/security/services/kyc_aml_providers.py` (381 lines) decides whether
a user passes KYC and AML screening, and had **no tests anywhere in the repo**. The coverage
that existed tested `cli/utils/kyc_aml_providers.py` — an older copy whose `SimpleKYCProvider`
/`SimpleAMLProvider` this module superseded with `RealKYCProvider`/`RealAMLProvider`, a
different API the old suite could not be pointed at. Both went in V23-43.

43 tests, verified non-vacuous by mutation: changing a risk score, the status modulus, the
missing-key check and the sanctions hit each fail 1–3 tests by name.

#### "Real" is a misnomer, and that is now pinned

No provider is contacted. Each `_*_kyc` method builds a headers dict as a **bare expression
statement**, discards it, sleeps, and returns a hardcoded response:

```python
async def _chainalysis_kyc(self, request: KYCRequest) -> KYCResponse:
    {"Authorization": f"Bearer {self.api_keys[...]}", "Content-Type": "application/json"}
    await asyncio.sleep(1)
    return KYCResponse(..., status=KYCStatus.PENDING, risk_score=0.15, ...)
```

`check_kyc_status` and `screen_user` derive their verdict from `sha256(input) % n` — a user's
compliance outcome is a hash of their id, and for AML a hash of their id **and email**, so the
same person screens CRITICAL or LOW depending which address they gave.

The strongest evidence is structural rather than argued: a submission succeeds with
`session is None`. Any branch that made an HTTP request would raise on the missing session.
That is asserted directly, so wiring in a real provider fails the test rather than passing
quietly.

#### Three things the tests found

- **`check_kyc_status` has a latent `UnboundLocalError`.** `rejection_reason` is assigned in
  only two of four branches. The return builds
  `rejection_reason if status in [REJECTED, FAILED] else None`, and a conditional expression
  evaluates its test first, so APPROVED and PENDING short-circuit without reading the unbound
  name. It works by evaluation order, not by construction — hoisting that expression to a
  local above the return turns it into a crash on the two most common outcomes.
- **The module-level singletons share one session.** `kyc_provider` and `aml_provider` are
  instantiated at import and used with `async with`; `__aenter__` assigns `self.session` and
  `__aexit__` closes it. Two overlapping calls mean the second entry replaces the session the
  first holds and the first exit closes the one the second is inside. Latent only because
  nothing reads `self.session` today. The test asserts the replacement and the early close, so
  it is legible on the day a real call is added.
- **`__aenter__` is annotated `-> None` and returns `self`** under a
  `# type: ignore[return-value]`. `async with kyc_provider:` never binds, so the lie is
  invisible in use — but `async with RealKYCProvider() as p:` yields a provider, not None.

#### Reachability

Worth stating plainly: **nothing imports this module either.** Its only mention outside itself
is a line in the context's `README.md` listing the file. Testing an unreferenced module is
still worth doing here — the tests are what make its simulated nature legible before someone
wires it to a router — but "it has tests now" should not be read as "it is in use".

Hash inputs for each branch were found by search and hardcoded rather than derived from the
implementation; deriving them would make the assertions tautological. A separate test asserts
the mapping still holds, so a change to the hash or the modulus fails once, loudly, instead of
silently moving every expected verdict in the file.

---
