# v0.23.7 — Low — process

## Low — process

### V23-16 — v0.22 tag still points at broken code · OBSERVED → RESOLVED

Carried forward from v0.22 and still true. `v0.22.0` is at `a5d84956f`, which has the ZK
proving keys deleted and proving silently disabled. `v0.22.1` (`b2539661b`) restores them but
predates the entire v0.22 remediation, now merged as `d6b6b9dda`.

> **Fix**: tag `main`. Nothing should be released from either existing v0.22 tag.

**RESOLVED** on 2026-08-10. `v0.23.0` is now an annotated tag at `d69f56e0b` — `main`, in
sync with `origin/main` — and is pushed to `origin` (`3cffc514d`, dereferencing to
`d69f56e0b`). Its message names both superseded tags and why neither should be deployed.

Verified before tagging, because the finding is about a tag that pointed somewhere nobody had
checked:

```
git rev-list -n1 v0.22.0                       # a5d84956f — 7 .zkey files
git rev-list -n1 v0.22.1                       # b2539661b — 16 .zkey files
git merge-base --is-ancestor d6b6b9dda main    # 0 — remediation is in
git ls-remote --tags origin | grep v0.23.0     # 3cffc514d / d69f56e0b^{}
```

Three things this turned up that the finding as filed did not say:

1. **`v0.23.0` already existed, and was wrong too.** It was a local-only annotated tag at
   `ae12c7417` with the message "v0.23.0 release baseline" — a marker dropped mid-audit, 38
   commits behind `main`, predating V23-24…V23-32, V23-19a/b and the Hardhat 3 migration.
   Publishing it would have reproduced this very finding one minor version later: a release
   tag pointing at a tree whose known defects are not yet fixed. It was never pushed, so it
   was deleted and recreated at `main` rather than left to be found again.
2. **The bad v0.22 tags are on `origin`, and only there.** `github` (the mirror) carries no
   v0.2x tags at all — its newest is `v0.10.13` — so `origin` is where the finding actually
   bites and where the fix was pushed. Pushing to `github` would have jumped it from v0.10 to
   v0.23 and was deliberately not done.
3. **`main` has 14 `.zkey` files to `ae12c7417`'s 16, and that is correct.** The two absent
   are `apps/zk-circuits/modular_ml_components_000{0,1}.zkey`, removed by `cc503dc89` — the
   V23-26a fix that stopped stale duplicate circuits being served. The key actually served,
   under `apps/coordinator-api/.../zk-circuits/`, is present. Worth stating explicitly: a
   lower `.zkey` count is the exact signature of what made `v0.22.0` unreleasable, so it had
   to be shown to be a different thing before tagging on top of it.

The decision itself — retag `v0.23.0` rather than cut `v0.23.1`, and push to `origin` only —
was the repo owner's, taken deliberately, which is what the header note above asked for. The
two v0.22 tags are left in place, untouched: they are published, and rewriting them would
break anyone who has already fetched them. They are superseded by name in the `v0.23.0` tag
message instead.

---

# Second pass — 2026-08-09

Covering what the first pass listed as uncovered: the ten unread apps, `scripts/`, and
dependencies. Baseline re-verified first — V23-01 and V23-09 both still reproduce on
`main` at `a0c60b894`, so the findings above stand.

**Second-pass totals**: 7 findings — 6 confirmed, 1 observed. **Six of the seven are now
resolved** (V23-17 … V23-22); **V23-23 is open**.

> This paragraph sat as an unresolved conflict block — `<<<<<<< HEAD` / `=======` /
> `>>>>>>> f9d378797` — from the V23-17 merge until it was found while working V23-23. One
> side claimed V23-17 was resolved, the other V23-18; both were true and both were stale.
> See V23-23's note: pre-commit's `check-merge-conflict` was passing on every commit that
> touched this file, because it only inspects files while git is mid-merge.

---
